Ratio Edge Case Log - generated 2026-08-08T11:34:14
================================================================================

--- ROCE Cross-Check: latest year vs companies.roce_percentage (diff > 5%) ---
ADANIGREEN 2024 (latest): computed_ROCE=11.49% reported_ROCE=96.50% diff=85.01% sector=Non-Financials category=FORMULA_DISCREPANCY
AMBUJACEM 2024 (latest): computed_ROCE=18.51% reported_ROCE=12.80% diff=5.71% sector=Non-Financials category=FORMULA_DISCREPANCY
BAJAJFINSV 2024 (latest): computed_ROCE=11.71% reported_ROCE=21.14% diff=9.43% sector=Financials (sector-relative benchmark applies) category=VERSION_DIFFERENCE
BAJFINANCE 2024 (latest): computed_ROCE=4.36% reported_ROCE=11.90% diff=7.54% sector=Financials (sector-relative benchmark applies) category=VERSION_DIFFERENCE
BEL 2024 (latest): computed_ROCE=4504.72% reported_ROCE=34.60% diff=4470.12% sector=Non-Financials category=FORMULA_DISCREPANCY
BHARTIARTL 2024 (latest): computed_ROCE=25.10% reported_ROCE=13.10% diff=12.00% sector=Non-Financials category=FORMULA_DISCREPANCY
BOSCHLTD 2024 (latest): computed_ROCE=30.25% reported_ROCE=20.60% diff=9.65% sector=Non-Financials category=FORMULA_DISCREPANCY
BRITANNIA 2024 (latest): computed_ROCE=56.24% reported_ROCE=48.90% diff=7.34% sector=Non-Financials category=FORMULA_DISCREPANCY
CHOLAFIN 2024 (latest): computed_ROCE=3.51% reported_ROCE=10.40% diff=6.89% sector=Financials (sector-relative benchmark applies) category=VERSION_DIFFERENCE
CIPLA 2024 (latest): computed_ROCE=71.55% reported_ROCE=22.80% diff=48.75% sector=Non-Financials category=FORMULA_DISCREPANCY
COALINDIA 2024 (latest): computed_ROCE=105.75% reported_ROCE=63.60% diff=42.15% sector=Non-Financials category=FORMULA_DISCREPANCY
GODREJCP 2024 (latest): computed_ROCE=4.73% reported_ROCE=26.49% diff=21.76% sector=Non-Financials category=FORMULA_DISCREPANCY
HAL 2024 (latest): computed_ROCE=3617.39% reported_ROCE=38.90% diff=3578.49% sector=Non-Financials category=FORMULA_DISCREPANCY
HCLTECH 2024 (latest): computed_ROCE=34.71% reported_ROCE=29.60% diff=5.11% sector=Non-Financials category=FORMULA_DISCREPANCY
HDFCLIFE 2024 (latest): computed_ROCE=646.47% reported_ROCE=6.61% diff=639.86% sector=Financials (sector-relative benchmark applies) category=VERSION_DIFFERENCE
HEROMOTOCO 2024 (latest): computed_ROCE=177.92% reported_ROCE=29.10% diff=148.82% sector=Non-Financials category=FORMULA_DISCREPANCY
HINDALCO 2024 (latest): computed_ROCE=118.21% reported_ROCE=11.30% diff=106.91% sector=Non-Financials category=FORMULA_DISCREPANCY
HINDUNILVR 2024 (latest): computed_ROCE=89.68% reported_ROCE=27.20% diff=62.48% sector=Non-Financials category=FORMULA_DISCREPANCY
ICICIGI 2024 (latest): computed_ROCE=146.43% reported_ROCE=22.50% diff=123.93% sector=Financials (sector-relative benchmark applies) category=VERSION_DIFFERENCE
ICICIPRULI 2024 (latest): computed_ROCE=754.89% reported_ROCE=8.75% diff=746.14% sector=Financials (sector-relative benchmark applies) category=VERSION_DIFFERENCE
INDIGO 2024 (latest): computed_ROCE=5643.45% reported_ROCE=24.50% diff=5618.95% sector=Non-Financials category=FORMULA_DISCREPANCY
IRCTC 2024 (latest): computed_ROCE=47.78% reported_ROCE=53.80% diff=6.02% sector=Non-Financials category=FORMULA_DISCREPANCY
LICI 2024 (latest): computed_ROCE=57.53% reported_ROCE=63.79% diff=6.26% sector=Financials (sector-relative benchmark applies) category=VERSION_DIFFERENCE
LT 2024 (latest): computed_ROCE=152.62% reported_ROCE=17.18% diff=135.44% sector=Non-Financials category=FORMULA_DISCREPANCY
M&M 2024 (latest): computed_ROCE=16.12% reported_ROCE=26.98% diff=10.86% sector=Non-Financials category=FORMULA_DISCREPANCY
MOTHERSON 2024 (latest): computed_ROCE=20.54% reported_ROCE=13.70% diff=6.84% sector=Non-Financials category=FORMULA_DISCREPANCY
NESTLEIND 2024 (latest): computed_ROCE=162.06% reported_ROCE=185.43% diff=23.37% sector=Non-Financials category=FORMULA_DISCREPANCY
PFC 2024 (latest): computed_ROCE=3.49% reported_ROCE=9.96% diff=6.47% sector=Financials (sector-relative benchmark applies) category=VERSION_DIFFERENCE
POWERGRID 2024 (latest): computed_ROCE=19.17% reported_ROCE=13.20% diff=5.97% sector=Non-Financials category=FORMULA_DISCREPANCY
SHREECEM 2024 (latest): computed_ROCE=22.88% reported_ROCE=14.80% diff=8.08% sector=Non-Financials category=FORMULA_DISCREPANCY
SHRIRAMFIN 2024 (latest): computed_ROCE=4.32% reported_ROCE=11.30% diff=6.98% sector=Financials (sector-relative benchmark applies) category=VERSION_DIFFERENCE
TATAMOTORS 2024 (latest): computed_ROCE=33.93% reported_ROCE=20.10% diff=13.83% sector=Non-Financials category=FORMULA_DISCREPANCY
TATAPOWER 2024 (latest): computed_ROCE=16.45% reported_ROCE=11.10% diff=5.35% sector=Non-Financials category=FORMULA_DISCREPANCY
TECHM 2024 (latest): computed_ROCE=18.60% reported_ROCE=11.90% diff=6.70% sector=Non-Financials category=FORMULA_DISCREPANCY
TORNTPHARM 2024 (latest): computed_ROCE=32.30% reported_ROCE=23.20% diff=9.10% sector=Non-Financials category=FORMULA_DISCREPANCY
TRENT 2024 (latest): computed_ROCE=50.85% reported_ROCE=23.80% diff=27.05% sector=Non-Financials category=FORMULA_DISCREPANCY
Total ROCE anomalies logged: 36

--- ROE Cross-Check: latest year vs companies.roe_percentage (diff > 5%) ---
ADANIENT 2024 (latest): computed_ROE=8.53% reported_ROE=13.64% diff=5.11% category=FORMULA_DISCREPANCY
ADANIPOWER 2024 (latest): computed_ROE=48.28% reported_ROE=57.10% diff=8.82% category=FORMULA_DISCREPANCY
BAJAJFINSV 2024 (latest): computed_ROE=25.85% reported_ROE=11.72% diff=14.13% category=FORMULA_DISCREPANCY
BEL 2024 (latest): computed_ROE=4744.05% reported_ROE=26.30% diff=4717.75% category=FORMULA_DISCREPANCY
BPCL 2024 (latest): computed_ROE=35.51% reported_ROE=41.90% diff=6.39% category=FORMULA_DISCREPANCY
COALINDIA 2024 (latest): computed_ROE=45.17% reported_ROE=52.00% diff=6.83% category=FORMULA_DISCREPANCY
GODREJCP 2024 (latest): computed_ROE=-4.45% reported_ROE=6.77% diff=11.22% category=FORMULA_DISCREPANCY
HAL 2024 (latest): computed_ROE=3816.58% reported_ROE=28.90% diff=3787.68% category=FORMULA_DISCREPANCY
IRCTC 2024 (latest): computed_ROE=34.40% reported_ROE=40.40% diff=6.00% category=FORMULA_DISCREPANCY
LICI 2024 (latest): computed_ROE=49.45% reported_ROE=63.61% diff=14.16% category=FORMULA_DISCREPANCY
LT 2024 (latest): computed_ROE=77.67% reported_ROE=10.49% diff=67.18% category=FORMULA_DISCREPANCY
NESTLEIND 2024 (latest): computed_ROE=117.75% reported_ROE=135.61% diff=17.86% category=FORMULA_DISCREPANCY
PFC 2024 (latest): computed_ROE=26.16% reported_ROE=19.49% diff=6.67% category=FORMULA_DISCREPANCY
PNB 2024 (latest): computed_ROE=61.32% reported_ROE=8.70% diff=52.62% category=FORMULA_DISCREPANCY
TATAMOTORS 2024 (latest): computed_ROE=37.46% reported_ROE=49.40% diff=11.94% category=FORMULA_DISCREPANCY
TATASTEEL 2024 (latest): computed_ROE=-5.33% reported_ROE=6.55% diff=11.88% category=FORMULA_DISCREPANCY
TCS 2024 (latest): computed_ROE=50.94% reported_ROE=0.52 looks unit-mismatched (fraction vs percent) category=DATA_SOURCE_ISSUE
TRENT 2024 (latest): computed_ROE=36.31% reported_ROE=27.20% diff=9.11% category=FORMULA_DISCREPANCY
Total ROE anomalies logged: 18

--- Extreme ROE Outliers (|computed ROE| > 500%, denominator likely near-zero) ---
Total extreme ROE outlier rows: 30
BEL 2013: computed_ROE=15183.33% equity_capital=2.0 reserves=4.0 total_equity=6.00 category=FORMULA_EDGE_CASE_NEAR_ZERO_DENOMINATOR
BEL 2014: computed_ROE=13600.00% equity_capital=2.0 reserves=5.0 total_equity=7.00 category=FORMULA_EDGE_CASE_NEAR_ZERO_DENOMINATOR
BEL 2015: computed_ROE=17100.00% equity_capital=2.0 reserves=5.0 total_equity=7.00 category=FORMULA_EDGE_CASE_NEAR_ZERO_DENOMINATOR
BEL 2016: computed_ROE=11141.67% equity_capital=9.0 reserves=3.0 total_equity=12.00 category=FORMULA_EDGE_CASE_NEAR_ZERO_DENOMINATOR
BEL 2017: computed_ROE=10153.33% equity_capital=9.0 reserves=6.0 total_equity=15.00 category=FORMULA_EDGE_CASE_NEAR_ZERO_DENOMINATOR
BEL 2018: computed_ROE=4616.13% equity_capital=10.0 reserves=21.0 total_equity=31.00 category=FORMULA_EDGE_CASE_NEAR_ZERO_DENOMINATOR
BEL 2019: computed_ROE=3851.02% equity_capital=11.0 reserves=38.0 total_equity=49.00 category=FORMULA_EDGE_CASE_NEAR_ZERO_DENOMINATOR
BEL 2020: computed_ROE=3318.18% equity_capital=11.0 reserves=44.0 total_equity=55.00 category=FORMULA_EDGE_CASE_NEAR_ZERO_DENOMINATOR
BEL 2021: computed_ROE=3559.32% equity_capital=11.0 reserves=48.0 total_equity=59.00 category=FORMULA_EDGE_CASE_NEAR_ZERO_DENOMINATOR
BEL 2022: computed_ROE=3478.26% equity_capital=11.0 reserves=58.0 total_equity=69.00 category=FORMULA_EDGE_CASE_NEAR_ZERO_DENOMINATOR
BEL 2023: computed_ROE=3981.33% equity_capital=11.0 reserves=64.0 total_equity=75.00 category=FORMULA_EDGE_CASE_NEAR_ZERO_DENOMINATOR
BEL 2024: computed_ROE=4744.05% equity_capital=11.0 reserves=73.0 total_equity=84.00 category=FORMULA_EDGE_CASE_NEAR_ZERO_DENOMINATOR
HAL 2016: computed_ROE=1665.00% equity_capital=5.0 reserves=115.0 total_equity=120.00 category=FORMULA_EDGE_CASE_NEAR_ZERO_DENOMINATOR
HAL 2017: computed_ROE=1966.92% equity_capital=5.0 reserves=128.0 total_equity=133.00 category=FORMULA_EDGE_CASE_NEAR_ZERO_DENOMINATOR
HAL 2018: computed_ROE=1528.46% equity_capital=5.0 reserves=125.0 total_equity=130.00 category=FORMULA_EDGE_CASE_NEAR_ZERO_DENOMINATOR
HAL 2019: computed_ROE=1763.91% equity_capital=5.0 reserves=128.0 total_equity=133.00 category=FORMULA_EDGE_CASE_NEAR_ZERO_DENOMINATOR
HAL 2020: computed_ROE=2059.42% equity_capital=5.0 reserves=133.0 total_equity=138.00 category=FORMULA_EDGE_CASE_NEAR_ZERO_DENOMINATOR
HAL 2021: computed_ROE=2249.31% equity_capital=5.0 reserves=139.0 total_equity=144.00 category=FORMULA_EDGE_CASE_NEAR_ZERO_DENOMINATOR
HAL 2022: computed_ROE=3324.18% equity_capital=5.0 reserves=148.0 total_equity=153.00 category=FORMULA_EDGE_CASE_NEAR_ZERO_DENOMINATOR
HAL 2023: computed_ROE=3283.05% equity_capital=5.0 reserves=172.0 total_equity=177.00 category=FORMULA_EDGE_CASE_NEAR_ZERO_DENOMINATOR
HAL 2024: computed_ROE=3816.58% equity_capital=5.0 reserves=194.0 total_equity=199.00 category=FORMULA_EDGE_CASE_NEAR_ZERO_DENOMINATOR
INDIGO 2013: computed_ROE=17886.36% equity_capital=0.4 reserves=4.0 total_equity=4.40 category=FORMULA_EDGE_CASE_NEAR_ZERO_DENOMINATOR
INDIGO 2014: computed_ROE=10772.73% equity_capital=0.4 reserves=4.0 total_equity=4.40 category=FORMULA_EDGE_CASE_NEAR_ZERO_DENOMINATOR
INDIGO 2015: computed_ROE=4939.39% equity_capital=0.4 reserves=26.0 total_equity=26.40 category=FORMULA_EDGE_CASE_NEAR_ZERO_DENOMINATOR
INDIGO 2016: computed_ROE=1534.78% equity_capital=0.4 reserves=129.0 total_equity=129.40 category=FORMULA_EDGE_CASE_NEAR_ZERO_DENOMINATOR
INDIGO 2017: computed_ROE=1692.86% equity_capital=29.0 reserves=69.0 total_equity=98.00 category=FORMULA_EDGE_CASE_NEAR_ZERO_DENOMINATOR
INDIGO 2018: computed_ROE=2242.00% equity_capital=29.0 reserves=71.0 total_equity=100.00 category=FORMULA_EDGE_CASE_NEAR_ZERO_DENOMINATOR
INDIGO 2021: computed_ROE=-1094.15% equity_capital=48.0 reserves=516.0 total_equity=564.00 category=FORMULA_EDGE_CASE_NEAR_ZERO_DENOMINATOR
INDIGO 2024: computed_ROE=892.57% equity_capital=48.0 reserves=867.0 total_equity=915.00 category=FORMULA_EDGE_CASE_NEAR_ZERO_DENOMINATOR
PNB 2013: computed_ROE=812.30% equity_capital=50.0 reserves=568.0 total_equity=618.00 category=FORMULA_EDGE_CASE_NEAR_ZERO_DENOMINATOR

--- Debt-Free ICR Substitutions ---
Total debt-free company-years (ICR substituted): 31

--- CAGR Edge Case Flags (non-null flags across 3/5/10yr, revenue/PAT/EPS) ---
sales_cagr_3yr_flag: 1 flagged rows
sales_cagr_5yr_flag: 1 flagged rows
sales_cagr_10yr_flag: 1 flagged rows
pat_cagr_3yr_flag: 89 flagged rows
pat_cagr_5yr_flag: 64 flagged rows
pat_cagr_10yr_flag: 10 flagged rows
eps_cagr_3yr_flag: 86 flagged rows
eps_cagr_5yr_flag: 66 flagged rows
eps_cagr_10yr_flag: 12 flagged rows
fcf_cagr_3yr_flag: 364 flagged rows
fcf_cagr_5yr_flag: 279 flagged rows
fcf_cagr_10yr_flag: 85 flagged rows
Total CAGR edge-case flags across all periods/metrics: 1058

--- High Leverage Flags (D/E > 5, non-Financials only) ---
Total high-leverage flags: 18